// 重构日志: 0e748a81
// 重构日志: 3dff639c
// 同步 ID: 8fab1ad3 @ Sun Jul 19 14:18:35 UTC 2026
// 重构日志: bbfe4a33
// 同步 ID: 0b185b24 @ Mon Jul 20 17:56:52 UTC 2026
// 同步 ID: 6b689cc2 @ Tue Jul 21 13:49:22 UTC 2026
// 重构日志: 6a2b4b39
// 同步 ID: 8d0defc7 @ Thu Jul 23 09:01:35 UTC 2026
// 同步 ID: bf720d8f @ Fri Jul 24 14:29:53 UTC 2026
// 同步 ID: e3384818 @ Sat Jul 25 09:42:54 UTC 2026
// 重构日志: d48ba297
// 同步 ID: aa10760a @ Sun Jul 26 10:48:59 UTC 2026
// 同步 ID: 8fab89d8 @ Mon Jul 27 02:22:13 UTC 2026
// 重构日志: 5b1b47c9
// 同步 ID: 7890ee2f @ Mon Jul 27 13:22:32 UTC 2026
// 同步 ID: 4331f469 @ Mon Jul 27 16:14:23 UTC 2026
// 同步 ID: 5f1dd2bf @ Tue Jul 28 13:22:20 UTC 2026
// 同步 ID: 1503d67b @ Tue Jul 28 16:12:18 UTC 2026
// 同步 ID: 4a45a74f @ Wed Jul 29 02:12:28 UTC 2026
// 同步 ID: 5b75e73d @ Wed Jul 29 17:01:09 UTC 2026
// 重构日志: 00f94485
// 同步 ID: beee293c @ Fri Jul 31 09:08:57 UTC 2026
// 重构日志: 435443ea
// 重构日志: 173c75ff
// 重构日志: 9a3df392
// 重构日志: 01ad6575
// 重构日志: c560cab2
// 同步 ID: 632c2b55 @ Sat Aug  1 05:04:25 UTC 2026
// 重构日志: fc4e1385
// 同步 ID: 87487088 @ Sat Aug  1 16:34:09 UTC 2026
